2026-05-30 08:40:41.374: [INFO] OnDoneLoading sync enabled: 0
2026-05-30 08:40:49.868: [INFO] OnDoneLoading sync enabled: 0
2026-05-30 08:56:13.533: [INFO] OnDoneLoading sync enabled: 0
2026-05-30 09:02:46.267: [INFO] OnDoneLoading sync enabled: 0
2026-05-30 11:29:22.225: [INFO] OnDoneLoading sync enabled: 0
2026-05-30 12:55:12.111: [INFO] OnDoneLoading sync enabled: 0
2026-05-30 13:18:18.884: [INFO] OnDoneLoading sync enabled: 0
2026-05-30 13:22:43.973: [INFO] OnDoneLoading sync enabled: 0
2026-05-30 13:34:37.061: [INFO] OnDoneLoading sync enabled: 0
2026-05-31 00:32:49.119: [INFO] OnDoneLoading sync enabled: 0
2026-05-31 00:39:00.143: [INFO] OnDoneLoading sync enabled: 0
2026-05-31 15:58:41.713: [INFO] OnDoneLoading sync enabled: 0
2026-06-01 06:23:22.531: [INFO] OnDoneLoading sync enabled: 0
2026-06-03 00:35:14.663: [INFO] OnDoneLoading sync enabled: 0
2026-06-04 03:38:11.341: [INFO] OnDoneLoading sync enabled: 0
2026-06-06 00:59:48.060: [INFO] OnDoneLoading sync enabled: 0
2026-06-06 01:57:53.321: [INFO] OnDoneLoading sync enabled: 0
2026-06-12 00:41:12.672: [INFO] OnDoneLoading sync enabled: 0
2026-06-12 11:17:18.785: [INFO] OnDoneLoading sync enabled: 0
2026-06-14 09:40:51.645: [INFO] OnDoneLoading sync enabled: 0
2026-06-14 12:10:38.078: [INFO] OnDoneLoading sync enabled: 0
2026-06-14 15:09:30.970: [INFO] OnDoneLoading sync enabled: 0
2026-06-14 23:53:10.368: [INFO] OnDoneLoading sync enabled: 0
2026-06-17 00:29:38.669: [INFO] OnDoneLoading sync enabled: 0
2026-06-17 15:00:38.603: [INFO] OnDoneLoading sync enabled: 0
2026-06-18 01:47:51.056: [INFO] OnDoneLoading sync enabled: 0
2026-06-18 03:12:43.018: [INFO] OnDoneLoading sync enabled: 0
2026-06-18 10:48:45.230: [INFO] OnDoneLoading sync enabled: 0
2026-06-18 11:06:21.233: [INFO] OnDoneLoading sync enabled: 0
2026-06-18 11:07:51.324: [INFO] OnDoneLoading sync enabled: 0
2026-06-18 11:56:58.500: [INFO] OnDoneLoading sync enabled: 0
2026-06-18 12:19:13.076: [INFO] OnDoneLoading sync enabled: 0
2026-06-18 12:40:53.072: [INFO] OnDoneLoading sync enabled: 0
2026-06-18 17:20:22.463: [INFO] OnDoneLoading sync enabled: 0
2026-06-18 23:50:00.976: [INFO] OnDoneLoading sync enabled: 0
2026-06-19 13:34:25.405: [INFO] OnDoneLoading sync enabled: 0
2026-06-21 07:06:40.285: [INFO] OnDoneLoading sync enabled: 0
2026-06-30 02:05:32.381: [INFO] OnDoneLoading sync enabled: 0
2026-07-02 00:31:50.738: [INFO] OnDoneLoading sync enabled: 0
2026-07-02 00:41:11.182: [INFO] OnDoneLoading sync enabled: 0
2026-07-02 00:46:57.528: [INFO] OnDoneLoading sync enabled: 0
2026-07-02 00:48:36.147: [INFO] OnDoneLoading sync enabled: 0
2026-07-04 00:24:13.622: [INFO] OnDoneLoading sync enabled: 0
2026-07-16 00:33:38.336: [INFO] OnDoneLoading sync enabled: 0
2026-07-16 01:07:06.809: [INFO] OnDoneLoading sync enabled: 0
2026-07-18 08:30:42.918: [INFO] OnDoneLoading sync enabled: 0
2026-07-20 10:29:31.744: [INFO] OnDoneLoading sync enabled: 0
2026-07-21 00:50:17.664: [INFO] OnDoneLoading sync enabled: 0
2026-07-21 00:51:28.559: [INFO] OnDoneLoading sync enabled: 0
2026-07-21 01:12:56.979: [INFO] OnDoneLoading sync enabled: 0
2026-07-22 03:35:14.746: [INFO] OnDoneLoading sync enabled: 0
2026-07-22 04:29:57.689: [INFO] OnDoneLoading sync enabled: 0
2026-07-22 04:31:53.971: [INFO] OnDoneLoading sync enabled: 0
2026-07-22 05:26:53.688: [INFO] OnDoneLoading sync enabled: 0
2026-07-22 05:26:54.503: [INFO] OnDoneLoading sync enabled: 0
2026-07-22 05:28:20.989: [INFO] OnDoneLoading sync enabled: 0
2026-07-22 05:28:31.997: [INFO] OnDoneLoading sync enabled: 0
2026-07-22 05:28:44.288: [INFO] OnDoneLoading sync enabled: 0
2026-07-22 05:30:24.931: [INFO] OnDoneLoading sync enabled: 0
2026-07-22 05:30:29.367: [INFO] OnDoneLoading sync enabled: 0
2026-07-22 05:30:48.382: [INFO] OnDoneLoading sync enabled: 0
2026-07-22 05:30:50.598: [INFO] OnDoneLoading sync enabled: 0
2026-07-22 05:31:06.177: [INFO] OnDoneLoading sync enabled: 0
2026-07-22 11:34:11.699: [INFO] OnDoneLoading sync enabled: 0
2026-07-22 11:36:13.493: [INFO] OnDoneLoading sync enabled: 0
2026-07-25 00:02:12.557: [INFO] OnDoneLoading sync enabled: 0
2026-07-28 00:04:24.577: [INFO] OnDoneLoading sync enabled: 0
2026-07-28 00:35:54.907: [INFO] OnDoneLoading sync enabled: 0
2026-07-30 00:09:36.093: [INFO] OnDoneLoading sync enabled: 0
2026-08-01 12:02:14.758: [INFO] OnDoneLoading sync enabled: 0
2026-08-04 00:34:28.004: [INFO] OnDoneLoading sync enabled: 0
2026-08-04 00:35:46.767: [INFO] OnDoneLoading sync enabled: 0
2026-08-04 00:40:58.744: [INFO] OnDoneLoading sync enabled: 0
2026-08-04 00:41:34.823: [INFO] OnDoneLoading sync enabled: 0
2026-08-05 12:56:57.848: [INFO] CurrentProfilePath: D:\Eclipse_New\.metadata\.plugins\org.eclipse.swt\EBWebView\Default
2026-08-05 12:56:57.848: [INFO] Profiles total count: 1
2026-08-05 12:56:57.848: [INFO] Profile: name=Profile 1 path=D:\Eclipse_New\.metadata\.plugins\org.eclipse.swt\EBWebView\Default lastActive=2026-08-04T00:41:39.229Z
2026-08-05 12:56:57.848: [INFO] LastUsedProfileDir: D:\Eclipse_New\.metadata\.plugins\org.eclipse.swt\EBWebView\Default
2026-08-05 12:56:57.848: [INFO] MostRecentlyActiveProfile: name=Profile 1 path=D:\Eclipse_New\.metadata\.plugins\org.eclipse.swt\EBWebView\Default lastActive=2026-08-04T00:41:39.229Z
2026-08-05 12:56:57.848: [INFO] OnDoneLoading sync enabled: 0
2026-08-05 12:56:57.848: [INFO] BookmarkModelLoaded, ids_reassigned: 0
2026-08-05 12:56:57.848: [INFO] BookmarksLoadDropped droppedNodes=0
2026-08-05 12:56:57.848: [INFO] BookmarksSnapshot Startup total=0 bar=0 other=0 mobile=0 showBar=0 showBarNTP=1
2026-08-05 13:15:59.526: [INFO] BookmarksSnapshot Shutdown total=0 bar=0 other=0 mobile=0 showBar=0 showBarNTP=1
2026-08-05 13:17:47.986: [INFO] CurrentProfilePath: D:\Eclipse_New\.metadata\.plugins\org.eclipse.swt\EBWebView\Default
2026-08-05 13:17:47.986: [INFO] Profiles total count: 1
2026-08-05 13:17:47.987: [INFO] Profile: name=Profile 1 path=D:\Eclipse_New\.metadata\.plugins\org.eclipse.swt\EBWebView\Default lastActive=2026-08-05T13:15:58.942Z
2026-08-05 13:17:47.987: [INFO] LastUsedProfileDir: D:\Eclipse_New\.metadata\.plugins\org.eclipse.swt\EBWebView\Default
2026-08-05 13:17:47.987: [INFO] MostRecentlyActiveProfile: name=Profile 1 path=D:\Eclipse_New\.metadata\.plugins\org.eclipse.swt\EBWebView\Default lastActive=2026-08-05T13:15:58.942Z
2026-08-05 13:17:47.987: [INFO] OnDoneLoading sync enabled: 0
2026-08-05 13:17:47.987: [INFO] BookmarkModelLoaded, ids_reassigned: 0
2026-08-05 13:17:47.987: [INFO] BookmarksLoadDropped droppedNodes=0
2026-08-05 13:17:47.987: [INFO] BookmarksSnapshot Startup total=0 bar=0 other=0 mobile=0 showBar=0 showBarNTP=1
2026-08-05 14:40:28.620: [INFO] BookmarksSnapshot Shutdown total=0 bar=0 other=0 mobile=0 showBar=0 showBarNTP=1
2026-08-05 14:43:02.880: [INFO] CurrentProfilePath: D:\Eclipse_New\.metadata\.plugins\org.eclipse.swt\EBWebView\Default
2026-08-05 14:43:02.880: [INFO] Profiles total count: 1
2026-08-05 14:43:02.881: [INFO] Profile: name=Profile 1 path=D:\Eclipse_New\.metadata\.plugins\org.eclipse.swt\EBWebView\Default lastActive=2026-08-05T13:15:58.942Z
2026-08-05 14:43:02.881: [INFO] LastUsedProfileDir: D:\Eclipse_New\.metadata\.plugins\org.eclipse.swt\EBWebView\Default
2026-08-05 14:43:02.881: [INFO] MostRecentlyActiveProfile: name=Profile 1 path=D:\Eclipse_New\.metadata\.plugins\org.eclipse.swt\EBWebView\Default lastActive=2026-08-05T13:15:58.942Z
2026-08-05 14:43:02.881: [INFO] OnDoneLoading sync enabled: 0
2026-08-05 14:43:02.881: [INFO] BookmarkModelLoaded, ids_reassigned: 0
2026-08-05 14:43:02.881: [INFO] BookmarksLoadDropped droppedNodes=0
2026-08-05 14:43:02.881: [INFO] BookmarksSnapshot Startup total=0 bar=0 other=0 mobile=0 showBar=0 showBarNTP=1
2026-08-05 16:40:06.563: [INFO] BookmarksSnapshot Shutdown total=0 bar=0 other=0 mobile=0 showBar=0 showBarNTP=1
2026-08-05 16:51:21.392: [INFO] CurrentProfilePath: D:\Eclipse_New\.metadata\.plugins\org.eclipse.swt\EBWebView\Default
2026-08-05 16:51:21.392: [INFO] Profiles total count: 1
2026-08-05 16:51:21.392: [INFO] Profile: name=Profile 1 path=D:\Eclipse_New\.metadata\.plugins\org.eclipse.swt\EBWebView\Default lastActive=2026-08-05T13:15:58.942Z
2026-08-05 16:51:21.392: [INFO] LastUsedProfileDir: D:\Eclipse_New\.metadata\.plugins\org.eclipse.swt\EBWebView\Default
2026-08-05 16:51:21.392: [INFO] MostRecentlyActiveProfile: name=Profile 1 path=D:\Eclipse_New\.metadata\.plugins\org.eclipse.swt\EBWebView\Default lastActive=2026-08-05T13:15:58.942Z
2026-08-05 16:51:21.392: [INFO] OnDoneLoading sync enabled: 0
2026-08-05 16:51:21.392: [INFO] BookmarkModelLoaded, ids_reassigned: 0
2026-08-05 16:51:21.392: [INFO] BookmarksLoadDropped droppedNodes=0
2026-08-05 16:51:21.392: [INFO] BookmarksSnapshot Startup total=0 bar=0 other=0 mobile=0 showBar=0 showBarNTP=1
2026-08-05 16:57:41.990: [INFO] BookmarksSnapshot Shutdown total=0 bar=0 other=0 mobile=0 showBar=0 showBarNTP=1
